Nothing to build in platform 'mb_intro_top'

07:36:39 **** Incremental Build of configuration Debug for project mb_blink ****
make all 
'Building file: ../src/helloworld.c'
'Invoking: MicroBlaze gcc compiler'
mb-gcc -Wall -O0 -g3 -c -fmessage-length=0 -MT"src/helloworld.o" -IC:/Vivado/lab6_1/sdk/mb_intro_top/export/mb_intro_top/sw/mb_intro_top/standalone_microblaze_0/bspinclude/include -mno-xl-reorder -mlittle-endian -mxl-barrel-shift -mxl-pattern-compare -mcpu=v11.0 -mno-xl-soft-mul -Wl,--no-relax -ffunction-sections -fdata-sections -MMD -MP -MF"src/helloworld.d" -MT"src/helloworld.o" -o "src/helloworld.o" "../src/helloworld.c"
../src/helloworld.c:18:36: warning: initialization of 'volatile uint32_t *' {aka 'volatile long unsigned int *'} from 'int' makes pointer from integer without a cast [-Wint-conversion]
   18 | volatile uint32_t* led_gpio_data = 0x40000000;               //Hint: either find the manual address (via the memory map in the block diagram, or
      |                                    ^~~~~~~~~~
../src/helloworld.c:21:41: warning: initialization of 'volatile uint32_t *' {aka 'volatile long unsigned int *'} from 'int' makes pointer from integer without a cast [-Wint-conversion]
   21 | volatile uint32_t* switches_gpio_data = 0x40010000;
      |                                         ^~~~~~~~~~
../src/helloworld.c:22:40: warning: initialization of 'volatile uint32_t *' {aka 'volatile long unsigned int *'} from 'int' makes pointer from integer without a cast [-Wint-conversion]
   22 | volatile uint32_t* buttons_gpio_data = 0x40020000;
      |                                        ^~~~~~~~~~
'Finished building: ../src/helloworld.c'
' '
'Building target: mb_blink.elf'
'Invoking: MicroBlaze gcc linker'
mb-gcc -Wl,-T -Wl,../src/lscript.ld -LC:/Vivado/lab6_1/sdk/mb_intro_top/export/mb_intro_top/sw/mb_intro_top/standalone_microblaze_0/bsplib/lib -mlittle-endian -mxl-barrel-shift -mxl-pattern-compare -mcpu=v11.0 -mno-xl-soft-mul -Wl,--no-relax -Wl,--gc-sections -o "mb_blink.elf"  ./src/helloworld.o ./src/platform.o   -Wl,--start-group,-lxil,-lgcc,-lc,--end-group
'Finished building target: mb_blink.elf'
' '
'Invoking: MicroBlaze Print Size'
mb-size mb_blink.elf  |tee "mb_blink.elf.size"
   text	   data	    bss	    dec	    hex	filename
  16456	   1368	   3168	  20992	   5200	mb_blink.elf
'Finished building: mb_blink.elf.size'
' '
07:36:40 **** Incremental Build of configuration Debug for project mb_blink_system ****
make all 
Skipping SD card image generation. Reason: "The system project only has applications for microblaze processors."
